// Vitest Snapshot v1, https://vitest.dev/guide/snapshot.html

exports[`tenant guardrails admin page access > captures a stable layout snapshot for the presets page 1`] = `
<div
  class="mx-auto flex max-w-5xl flex-col gap-8"
  data-testid="guardrails-presets-page"
>
  <header
    class="flex flex-col gap-2 sm:flex-row sm:items-center sm:justify-between"
  >
    <div>
      <p
        class="text-xs font-semibold uppercase tracking-[0.2em] text-indigo-600"
      >
        Admin
      </p>
      <h1
        class="text-3xl font-semibold text-zinc-900"
      >
        Guardrails presets
      </h1>
      <p
        class="text-sm text-zinc-600"
      >
        Preview how shortlist guardrails behave before saving changes for tenant
        <span
          class="font-semibold"
        >
           
          demo
        </span>
        .
      </p>
    </div>
    <a
      class="inline-flex items-center justify-center rounded-full border border-zinc-300 px-4 py-2 text-sm font-medium text-zinc-800 shadow-sm transition hover:border-indigo-200 hover:text-indigo-700"
      href="/"
    >
      Back to home
    </a>
  </header>
  <div
    class="rounded-xl border border-amber-200 bg-amber-50 px-4 py-3 text-sm text-amber-900"
  >
    <p
      class="font-semibold"
    >
      Limited membership context
    </p>
    <p>
      You are accessing this tenant as a global admin without explicit tenant membership.
    </p>
  </div>
  <div
    data-testid="guardrails-optimizations"
  >
    Optimization suggestions for 
    demo
  </div>
  <div
    data-testid="guardrails-preview-panel"
  >
    Guardrails preview for 
    demo
  </div>
</div>
`;
